dddd
ddd 